Nothing to build in platform 'tinyriscv_zynq'

07:07:58 **** Build of configuration Debug for project peripheral ****
make all 
make --no-print-directory pre-build
a9-linaro-pre-build-step
 
make --no-print-directory main-build
Building file: ../src/testperiph.c
Invoking: ARM v7 gcc compiler
arm-none-eabi-gcc -Wall -O0 -g3 -c -fmessage-length=0 -MT"src/testperiph.o" -mcpu=cortex-a9 -mfpu=vfpv3 -mfloat-abi=hard -I/home/vitis/projects/tinyriscv_zynq/sdk/tinyriscv_zynq/export/tinyriscv_zynq/sw/tinyriscv_zynq/standalone_domain/bspinclude/include -MMD -MP -MF"src/testperiph.d" -MT"src/testperiph.o" -o "src/testperiph.o" "../src/testperiph.c"
Finished building: ../src/testperiph.c
 
Building file: ../src/xdevcfg_selftest_example.c
Invoking: ARM v7 gcc compiler
arm-none-eabi-gcc -Wall -O0 -g3 -c -fmessage-length=0 -MT"src/xdevcfg_selftest_example.o" -mcpu=cortex-a9 -mfpu=vfpv3 -mfloat-abi=hard -I/home/vitis/projects/tinyriscv_zynq/sdk/tinyriscv_zynq/export/tinyriscv_zynq/sw/tinyriscv_zynq/standalone_domain/bspinclude/include -MMD -MP -MF"src/xdevcfg_selftest_example.d" -MT"src/xdevcfg_selftest_example.o" -o "src/xdevcfg_selftest_example.o" "../src/xdevcfg_selftest_example.c"
Finished building: ../src/xdevcfg_selftest_example.c
 
Building file: ../src/xdmaps_example_w_intr.c
Invoking: ARM v7 gcc compiler
arm-none-eabi-gcc -Wall -O0 -g3 -c -fmessage-length=0 -MT"src/xdmaps_example_w_intr.o" -mcpu=cortex-a9 -mfpu=vfpv3 -mfloat-abi=hard -I/home/vitis/projects/tinyriscv_zynq/sdk/tinyriscv_zynq/export/tinyriscv_zynq/sw/tinyriscv_zynq/standalone_domain/bspinclude/include -MMD -MP -MF"src/xdmaps_example_w_intr.d" -MT"src/xdmaps_example_w_intr.o" -o "src/xdmaps_example_w_intr.o" "../src/xdmaps_example_w_intr.c"
Finished building: ../src/xdmaps_example_w_intr.c
 
Building file: ../src/xscugic_tapp_example.c
Invoking: ARM v7 gcc compiler
arm-none-eabi-gcc -Wall -O0 -g3 -c -fmessage-length=0 -MT"src/xscugic_tapp_example.o" -mcpu=cortex-a9 -mfpu=vfpv3 -mfloat-abi=hard -I/home/vitis/projects/tinyriscv_zynq/sdk/tinyriscv_zynq/export/tinyriscv_zynq/sw/tinyriscv_zynq/standalone_domain/bspinclude/include -MMD -MP -MF"src/xscugic_tapp_example.d" -MT"src/xscugic_tapp_example.o" -o "src/xscugic_tapp_example.o" "../src/xscugic_tapp_example.c"
Finished building: ../src/xscugic_tapp_example.c
 
Building file: ../src/xscutimer_intr_example.c
Invoking: ARM v7 gcc compiler
arm-none-eabi-gcc -Wall -O0 -g3 -c -fmessage-length=0 -MT"src/xscutimer_intr_example.o" -mcpu=cortex-a9 -mfpu=vfpv3 -mfloat-abi=hard -I/home/vitis/projects/tinyriscv_zynq/sdk/tinyriscv_zynq/export/tinyriscv_zynq/sw/tinyriscv_zynq/standalone_domain/bspinclude/include -MMD -MP -MF"src/xscutimer_intr_example.d" -MT"src/xscutimer_intr_example.o" -o "src/xscutimer_intr_example.o" "../src/xscutimer_intr_example.c"
Finished building: ../src/xscutimer_intr_example.c
 
Building file: ../src/xscutimer_polled_example.c
Invoking: ARM v7 gcc compiler
arm-none-eabi-gcc -Wall -O0 -g3 -c -fmessage-length=0 -MT"src/xscutimer_polled_example.o" -mcpu=cortex-a9 -mfpu=vfpv3 -mfloat-abi=hard -I/home/vitis/projects/tinyriscv_zynq/sdk/tinyriscv_zynq/export/tinyriscv_zynq/sw/tinyriscv_zynq/standalone_domain/bspinclude/include -MMD -MP -MF"src/xscutimer_polled_example.d" -MT"src/xscutimer_polled_example.o" -o "src/xscutimer_polled_example.o" "../src/xscutimer_polled_example.c"
Finished building: ../src/xscutimer_polled_example.c
 
Building file: ../src/xscuwdt_intr_example.c
Invoking: ARM v7 gcc compiler
arm-none-eabi-gcc -Wall -O0 -g3 -c -fmessage-length=0 -MT"src/xscuwdt_intr_example.o" -mcpu=cortex-a9 -mfpu=vfpv3 -mfloat-abi=hard -I/home/vitis/projects/tinyriscv_zynq/sdk/tinyriscv_zynq/export/tinyriscv_zynq/sw/tinyriscv_zynq/standalone_domain/bspinclude/include -MMD -MP -MF"src/xscuwdt_intr_example.d" -MT"src/xscuwdt_intr_example.o" -o "src/xscuwdt_intr_example.o" "../src/xscuwdt_intr_example.c"
Finished building: ../src/xscuwdt_intr_example.c
 
Building target: peripheral.elf
Invoking: ARM v7 gcc linker
arm-none-eabi-gcc -mcpu=cortex-a9 -mfpu=vfpv3 -mfloat-abi=hard -Wl,-build-id=none -specs=Xilinx.spec -Wl,-T -Wl,../src/lscript.ld -L/home/vitis/projects/tinyriscv_zynq/sdk/tinyriscv_zynq/export/tinyriscv_zynq/sw/tinyriscv_zynq/standalone_domain/bsplib/lib -o "peripheral.elf"  ./src/testperiph.o ./src/xdevcfg_selftest_example.o ./src/xdmaps_example_w_intr.o ./src/xscugic_tapp_example.o ./src/xscutimer_intr_example.o ./src/xscutimer_polled_example.o ./src/xscuwdt_intr_example.o   -Wl,--start-group,-lxil,-lgcc,-lc,--end-group
Finished building target: peripheral.elf
 
Invoking: ARM v7 Print Size
arm-none-eabi-size peripheral.elf  |tee "peripheral.elf.size"
   text	   data	    bss	    dec	    hex	filename
  44492	   1960	  33408	  79860	  137f4	peripheral.elf
Finished building: peripheral.elf.size
 
07:07:59 **** Build of configuration Debug for project peripheral_system ****
make all 
Generating bif file for the system project
Executing command '::scw::generate_bif -xpfm /home/vitis/projects/tinyriscv_zynq/sdk/tinyriscv_zynq/export/tinyriscv_zynq/tinyriscv_zynq.xpfm -domains standalone_domain -bifpath /home/vitis/projects/tinyriscv_zynq/sdk/peripheral_system/Debug/system.bif' on XSCT
sdcard_gen --xpfm /home/vitis/projects/tinyriscv_zynq/sdk/tinyriscv_zynq/export/tinyriscv_zynq/tinyriscv_zynq.xpfm --sys_config tinyriscv_zynq --bif /home/vitis/projects/tinyriscv_zynq/sdk/peripheral_system/Debug/system.bif --bitstream /home/vitis/projects/tinyriscv_zynq/sdk/peripheral/_ide/bitstream/design_1_wrapper.bit --elf /home/vitis/projects/tinyriscv_zynq/sdk/peripheral/Debug/peripheral.elf,ps7_cortexa9_0
creating BOOT.BIN using /home/vitis/projects/tinyriscv_zynq/sdk/peripheral/_ide/bitstream/design_1_wrapper.bit
Running /home/vitis/workspace/.tmp/vitis/vitis/Xilinx/Vitis/2020.1/bin/bootgen  -image /home/vitis/projects/tinyriscv_zynq/sdk/peripheral_system/Debug/sd_card_temp/boot.bif -w -o i BOOT.BIN
