07:04:16 **** Build of configuration Debug for project memtest ****
make all 
make --no-print-directory pre-build
a9-linaro-pre-build-step
 
make --no-print-directory main-build
Building file: ../src/memory_config_g.c
Invoking: ARM v7 gcc compiler
arm-none-eabi-gcc -Wall -O0 -g3 -c -fmessage-length=0 -MT"src/memory_config_g.o" -mcpu=cortex-a9 -mfpu=vfpv3 -mfloat-abi=hard -I/home/vitis/projects/tinyriscv_zynq/sdk/tinyriscv_zynq/export/tinyriscv_zynq/sw/tinyriscv_zynq/standalone_domain/bspinclude/include -MMD -MP -MF"src/memory_config_g.d" -MT"src/memory_config_g.o" -o "src/memory_config_g.o" "../src/memory_config_g.c"
Finished building: ../src/memory_config_g.c
 
Building file: ../src/memorytest.c
Invoking: ARM v7 gcc compiler
arm-none-eabi-gcc -Wall -O0 -g3 -c -fmessage-length=0 -MT"src/memorytest.o" -mcpu=cortex-a9 -mfpu=vfpv3 -mfloat-abi=hard -I/home/vitis/projects/tinyriscv_zynq/sdk/tinyriscv_zynq/export/tinyriscv_zynq/sw/tinyriscv_zynq/standalone_domain/bspinclude/include -MMD -MP -MF"src/memorytest.d" -MT"src/memorytest.o" -o "src/memorytest.o" "../src/memorytest.c"
Finished building: ../src/memorytest.c
 
Building file: ../src/platform.c
Invoking: ARM v7 gcc compiler
arm-none-eabi-gcc -Wall -O0 -g3 -c -fmessage-length=0 -MT"src/platform.o" -mcpu=cortex-a9 -mfpu=vfpv3 -mfloat-abi=hard -I/home/vitis/projects/tinyriscv_zynq/sdk/tinyriscv_zynq/export/tinyriscv_zynq/sw/tinyriscv_zynq/standalone_domain/bspinclude/include -MMD -MP -MF"src/platform.d" -MT"src/platform.o" -o "src/platform.o" "../src/platform.c"
Finished building: ../src/platform.c
 
Building target: memtest.elf
Invoking: ARM v7 gcc linker
arm-none-eabi-gcc -mcpu=cortex-a9 -mfpu=vfpv3 -mfloat-abi=hard -Wl,-build-id=none -specs=Xilinx.spec -Wl,-T -Wl,../src/lscript.ld -L/home/vitis/projects/tinyriscv_zynq/sdk/tinyriscv_zynq/export/tinyriscv_zynq/sw/tinyriscv_zynq/standalone_domain/bsplib/lib -o "memtest.elf"  ./src/memory_config_g.o ./src/memorytest.o ./src/platform.o   -Wl,--start-group,-lxil,-lgcc,-lc,--end-group
Finished building target: memtest.elf
 
Invoking: ARM v7 Print Size
arm-none-eabi-size memtest.elf  |tee "memtest.elf.size"
   text	   data	    bss	    dec	    hex	filename
  27912	   1184	  14392	  43488	   a9e0	memtest.elf
Finished building: memtest.elf.size
 

07:04:17 Build Finished (took 567ms)

