Nothing to build in platform 'riscv_zynq'

13:09:55 **** Build of configuration Debug for project helloworld ****
make all 
make --no-print-directory pre-build
a9-linaro-pre-build-step
 
make --no-print-directory main-build
Building file: ../src/helloworld.c
Invoking: ARM v7 gcc compiler
arm-none-eabi-gcc -Wall -O0 -g3 -c -fmessage-length=0 -MT"src/helloworld.o" -mcpu=cortex-a9 -mfpu=vfpv3 -mfloat-abi=hard -I/home/vitis/projects/tinyriscv_zynq/riscv_zynq/export/riscv_zynq/sw/riscv_zynq/standalone_domain/bspinclude/include -MMD -MP -MF"src/helloworld.d" -MT"src/helloworld.o" -o "src/helloworld.o" "../src/helloworld.c"
Finished building: ../src/helloworld.c
 
Building file: ../src/platform.c
Invoking: ARM v7 gcc compiler
arm-none-eabi-gcc -Wall -O0 -g3 -c -fmessage-length=0 -MT"src/platform.o" -mcpu=cortex-a9 -mfpu=vfpv3 -mfloat-abi=hard -I/home/vitis/projects/tinyriscv_zynq/riscv_zynq/export/riscv_zynq/sw/riscv_zynq/standalone_domain/bspinclude/include -MMD -MP -MF"src/platform.d" -MT"src/platform.o" -o "src/platform.o" "../src/platform.c"
Finished building: ../src/platform.c
 
Building target: helloworld.elf
Invoking: ARM v7 gcc linker
arm-none-eabi-gcc -mcpu=cortex-a9 -mfpu=vfpv3 -mfloat-abi=hard -Wl,-build-id=none -specs=Xilinx.spec -Wl,-T -Wl,../src/lscript.ld -L/home/vitis/projects/tinyriscv_zynq/riscv_zynq/export/riscv_zynq/sw/riscv_zynq/standalone_domain/bsplib/lib -o "helloworld.elf"  ./src/helloworld.o ./src/platform.o   -Wl,--start-group,-lxil,-lgcc,-lc,--end-group
Finished building target: helloworld.elf
 
Invoking: ARM v7 Print Size
arm-none-eabi-size helloworld.elf  |tee "helloworld.elf.size"
   text	   data	    bss	    dec	    hex	filename
  19044	   1144	  22568	  42756	   a704	helloworld.elf
Finished building: helloworld.elf.size
 
13:09:56 **** Build of configuration Debug for project helloworld_system ****
make all 
Generating bif file for the system project
Executing command '::scw::generate_bif -xpfm /home/vitis/projects/tinyriscv_zynq/riscv_zynq/export/riscv_zynq/riscv_zynq.xpfm -domains standalone_domain -bifpath /home/vitis/projects/tinyriscv_zynq/helloworld_system/Debug/system.bif' on XSCT
sdcard_gen --xpfm /home/vitis/projects/tinyriscv_zynq/riscv_zynq/export/riscv_zynq/riscv_zynq.xpfm --sys_config riscv_zynq --bif /home/vitis/projects/tinyriscv_zynq/helloworld_system/Debug/system.bif --bitstream /home/vitis/projects/tinyriscv_zynq/helloworld/_ide/bitstream/design_1_wrapper.bit --elf /home/vitis/projects/tinyriscv_zynq/helloworld/Debug/helloworld.elf,ps7_cortexa9_0
creating BOOT.BIN using /home/vitis/projects/tinyriscv_zynq/helloworld/_ide/bitstream/design_1_wrapper.bit
Running /home/vitis/workspace/.tmp/vitis/vitis/Xilinx/Vitis/2020.1/bin/bootgen  -image /home/vitis/projects/tinyriscv_zynq/helloworld_system/Debug/sd_card_temp/boot.bif -w -o i BOOT.BIN
